created graph g
added node n1 to g 
added node n2 to g
added node n3 to g
added node n4 to g
added edge e1 from n1 to n1 in g
added edge e2 from n1 to n2 in g
added edge e3 from n3 to n1 in g
added edge e3 from n3 to n1 in g
added edge e4 from n1 to n4 in g
added edge e1 from n4 to n4 in g
added edge e1 from n4 to n4 in g