created graph g
added node n1 to g
added node n2 to g
added node n3 to g
added node n4 to g
added node n1 to g
added node n1 to g
added node n2 to g
created graph h
added node n1 to h
added node n3 to h
added node node to h