loaded graph oneCharOneBook
loaded graph oneCharTwoBooks
path from A to A:
path from A to A:
unknown character B
unknown character B