# look for paths in an empty graph
loaded graph empty
unknown character a
unknown character a
unknown character a 
unknown character b