# load graphs with one character
loaded graph oneCharOneBook
loaded graph oneCharTwoBooks