loaded graph twoCharsOneBook
loaded graph twoCharsTwoBooksConnected
loaded graph twoCharsTwoBooksNotConnected
loaded graph complexGraph